// Jest Snapshot v1, https://goo.gl/fbAQLP

exports[`a besoin de variables pour fonctionner 1`] = `
{
  "input . dom": 2,
  "input . req": 2,
  "input . size": 2,
}
`;

exports[`ne renvoie rien par défaut 1`] = `undefined`;

exports[`ne renvoie rien par défaut 2`] = `
{
  "input . dom": 2,
  "input . req": 2,
  "input . size": 2,
}
`;
